*$FROM LibraryEx
$EXTERN Map;

*$FROM R05-Parser
$EXTERN R05-Parse-File;

*$FROM R05-Generator
$EXTERN R05-Generate-ToFile;


$ENTRY refal05c_ProcessEachSource {
  (Output e.OutputName) =
    <Prout '+Linking ' e.OutputName> (e.OutputName);

  (Source (e.Source) e.OutputName) =
    <Prout '*Compiling ' e.Source ':'>
    <CompileSource-SwSuccessedParse
      (e.Source) (e.OutputName) <R05-Parse-File e.Source>
    >
}

CompileSource-SwSuccessedParse {
  (e.SrcName) (e.OutputName) Success e.Tree =
    <R05-Generate-ToFile (e.OutputName) e.Tree>
    (e.OutputName);

  (e.SrcName) (e.OutputName) Fails e.Errors =
    <Map (refal05c_WriteError e.SrcName) e.Errors>
    Fails;
}
