HexDigit {
  s.Digit, <Type s.Digit>:
    {
      'D0' s.Digit = <Numb s.Digit>;
      'Lu' s.Digit = <DoHexDigit 'ABCDEF' 10 s.Digit>;
      'Ll' s.Digit = <DoHexDigit 'abcdef' 10 s.Digit>;

      s.Other = /* пусто */;
    };
}

DoHexDigit {
  s.Digit e.Samples s.Val s.Digit = s.Val;

  s.OtherDigit e.Samples s.Val s.Digit =
    <DoHexDigit e.Samples <Add s.Val 1> s.Digit>;

  /* нет образцов */ s.BadVal s.Digit = /* пусто */;
}